
Memory Configuration

Name             Origin             Length             Attributes
*default*        0x0000000000000000 0xffffffffffffffff

Linker script and memory map

                [!provide]                        PROVIDE (__executable_start, 0x0)

.entry
 *(.entry .entry.*)

.text           0x0000000000000000       0x80
 *(.text .text.*)
 .text          0x0000000000000000       0x80 tetris_core.o
                0x0000000000000000                usr_calc

.glue_7         0x0000000000000080        0x0
 .glue_7        0x0000000000000080        0x0 linker stubs

.glue_7t        0x0000000000000080        0x0
 .glue_7t       0x0000000000000080        0x0 linker stubs

.vfp11_veneer   0x0000000000000080        0x0
 .vfp11_veneer  0x0000000000000080        0x0 linker stubs

.v4_bx          0x0000000000000080        0x0
 .v4_bx         0x0000000000000080        0x0 linker stubs

.iplt           0x0000000000000080        0x0
 .iplt          0x0000000000000080        0x0 tetris_core.o

.rel.dyn        0x0000000000000080        0x0
 .rel.iplt      0x0000000000000080        0x0 tetris_core.o

.rodata
 *(.rodata .rodata.*)

.tdata
 *(.tdata .tdata.*)

.tbss
 *(.tbss .tbss.*)

.data           0x0000000000000080        0x0
                0x0000000000000080                __data_start = .
 *(.data .data.*)
 .data          0x0000000000000080        0x0 tetris_core.o
                0x0000000000000080                __bss_start = .
                0x0000000000000080                __bss_start__ = .

.igot.plt       0x0000000000000080        0x0
 .igot.plt      0x0000000000000080        0x0 tetris_core.o

.bss            0x0000000000000080        0x0
 *(.bss .bss.*)
 .bss           0x0000000000000080        0x0 tetris_core.o
                0x0000000000000080                . = ALIGN ((. != 0x0)?0x4:0x1)
                0x0000000000000080                __bss_end__ = .
                0x0000000000000080                _bss_end__ = .
                0x0000000000000080                . = ALIGN (0x4)
                0x0000000000000080                __end = .
                0x0000000000000080                _end = .
                [!provide]                        PROVIDE (end, .)
LOAD tetris_core.o
OUTPUT(tetris_core.elf elf32-littlearm)

.debug_info     0x0000000000000000      0x1ab
 .debug_info    0x0000000000000000      0x1ab tetris_core.o

.debug_abbrev   0x0000000000000000       0xae
 .debug_abbrev  0x0000000000000000       0xae tetris_core.o

.debug_loc      0x0000000000000000      0x182
 .debug_loc     0x0000000000000000      0x182 tetris_core.o

.debug_aranges  0x0000000000000000       0x20
 .debug_aranges
                0x0000000000000000       0x20 tetris_core.o

.debug_ranges   0x0000000000000000       0x30
 .debug_ranges  0x0000000000000000       0x30 tetris_core.o

.debug_line     0x0000000000000000      0x119
 .debug_line    0x0000000000000000      0x119 tetris_core.o

.debug_str      0x0000000000000000      0x17a
 .debug_str     0x0000000000000000      0x17a tetris_core.o
                                        0x1c7 (size before relaxing)

.comment        0x0000000000000000       0x7e
 .comment       0x0000000000000000       0x7e tetris_core.o
                                         0x7f (size before relaxing)

.ARM.attributes
                0x0000000000000000       0x31
 .ARM.attributes
                0x0000000000000000       0x31 tetris_core.o

.debug_frame    0x0000000000000000       0x34
 .debug_frame   0x0000000000000000       0x34 tetris_core.o
