
Memory Configuration

Name             Origin             Length             Attributes
*default*        0x0000000000000000 0xffffffffffffffff

Linker script and memory map

                [!provide]                        PROVIDE (__executable_start, 0x0)

.entry
 *(.entry .entry.*)

.text           0x0000000000000000       0x48
 *(.text .text.*)
 .text          0x0000000000000000       0x48 tetris_test6.o
                0x0000000000000000                usr_calc

.glue_7         0x0000000000000048        0x0
 .glue_7        0x0000000000000048        0x0 linker stubs

.glue_7t        0x0000000000000048        0x0
 .glue_7t       0x0000000000000048        0x0 linker stubs

.vfp11_veneer   0x0000000000000048        0x0
 .vfp11_veneer  0x0000000000000048        0x0 linker stubs

.v4_bx          0x0000000000000048        0x0
 .v4_bx         0x0000000000000048        0x0 linker stubs

.iplt           0x0000000000000048        0x0
 .iplt          0x0000000000000048        0x0 tetris_test6.o

.rel.dyn        0x0000000000000048        0x0
 .rel.iplt      0x0000000000000048        0x0 tetris_test6.o

.rodata
 *(.rodata .rodata.*)

.tdata
 *(.tdata .tdata.*)

.tbss
 *(.tbss .tbss.*)

.data           0x0000000000000048        0x0
                0x0000000000000048                __data_start = .
 *(.data .data.*)
 .data          0x0000000000000048        0x0 tetris_test6.o
                0x0000000000000048                __bss_start = .
                0x0000000000000048                __bss_start__ = .

.igot.plt       0x0000000000000048        0x0
 .igot.plt      0x0000000000000048        0x0 tetris_test6.o

.bss            0x0000000000000048        0x0
 *(.bss .bss.*)
 .bss           0x0000000000000048        0x0 tetris_test6.o
                0x0000000000000048                . = ALIGN ((. != 0x0)?0x4:0x1)
                0x0000000000000048                __bss_end__ = .
                0x0000000000000048                _bss_end__ = .
                0x0000000000000048                . = ALIGN (0x4)
                0x0000000000000048                __end = .
                0x0000000000000048                _end = .
                [!provide]                        PROVIDE (end, .)
LOAD tetris_test6.o
OUTPUT(tetris_test6.elf elf32-littlearm)

.debug_info     0x0000000000000000      0x171
 .debug_info    0x0000000000000000      0x171 tetris_test6.o

.debug_abbrev   0x0000000000000000       0xca
 .debug_abbrev  0x0000000000000000       0xca tetris_test6.o

.debug_loc      0x0000000000000000       0xea
 .debug_loc     0x0000000000000000       0xea tetris_test6.o

.debug_aranges  0x0000000000000000       0x20
 .debug_aranges
                0x0000000000000000       0x20 tetris_test6.o

.debug_ranges   0x0000000000000000       0x40
 .debug_ranges  0x0000000000000000       0x40 tetris_test6.o

.debug_line     0x0000000000000000      0x141
 .debug_line    0x0000000000000000      0x141 tetris_test6.o

.debug_str      0x0000000000000000      0x16c
 .debug_str     0x0000000000000000      0x16c tetris_test6.o
                                        0x1b9 (size before relaxing)

.comment        0x0000000000000000       0x7e
 .comment       0x0000000000000000       0x7e tetris_test6.o
                                         0x7f (size before relaxing)

.ARM.attributes
                0x0000000000000000       0x31
 .ARM.attributes
                0x0000000000000000       0x31 tetris_test6.o

.debug_frame    0x0000000000000000       0x30
 .debug_frame   0x0000000000000000       0x30 tetris_test6.o
